### 概述

Linux 中内存的去向一般有 4 个：用户进程消耗、cache+buffer 消耗、Slab 消耗、PageTables 消耗。在 [【故障排查】-- 高内存占用(1)](https://github.com/hsxhr-10/blog/blob/master/Linux/【故障排查】--%20高内存占用(1).md) 中着重讨论了用户进程消耗相关内容，下面聊聊其他 3 种消耗情况，同时看下如何通过内核参数来保护系统不会因为内存问题直接崩溃。

---

### <font color=#00b0f0>运行环境</font>

```
# uname -a
Linux ubuntu 3.16.0-30-generic #40~14.04.1-Ubuntu SMP Thu Jan 15 17:43:14 UTC 2015 x86_64 x86_64 x86_64 GNU/Linux

# cat /etc/*-release
DISTRIB_DESCRIPTION="Ubuntu 14.04.2 LTS"

# 内存：16G
# CPU：4核
```

---

### 内存占用问题分析及解决

#### cache+buffer 消耗

cache/buffer 跟磁盘 I/O 子系统密切相关，特别是 Page Cache Layer 这一层，这些缓存主要是用在 Page Cache, inode cache, dentry cache。其存在可以极大提升磁盘 I/O 性能，具体细节可以参考 “【磁盘 IO】” 系列。特别的是，相对其他 3 种消耗，该消耗是可回收的，演示如下：

```
# 根据 free 命令发现 cache/buffer 的值是 3.6G 左右，比较大了
root@120:~# free -m
             total       used       free     shared    buffers     cached
Mem:         16047       4363      11683          0        275       3449
-/+ buffers/cache:        638      15408
Swap:            0          0          0

# 根据 slabtop 命令进一步发现用在 inode cache 大概是 164M，用在 dentry cache 大概是 52M
root@120:~# slabtop

 Active / Total Objects (% used)    : 1609328 / 1977155 (81.4%)
 Active / Total Slabs (% used)      : 58203 / 58203 (100.0%)
 Active / Total Caches (% used)     : 75 / 136 (55.1%)
 Active / Total Size (% used)       : 390640.94K / 429811.04K (90.9%)
 Minimum / Average / Maximum Object : 0.01K / 0.22K / 8.00K

  OBJS ACTIVE  USE OBJ SIZE  SLABS OBJ/SLAB CACHE SIZE NAME                   
273609 273436  99%    0.19K  13029       21     52116K dentry
153720 153690  99%    1.05K   5124       30    163968K ext4_inode_cache
...

# 通过向 /proc/sys/vm/drop_caches 文件输入 1 来清除 page cache，注意要先执行 sync 命令让缓存中的数据落盘，
# 可以看到 cached/buffer 中的 page cache 部分已经被回收了
root@120:~# sync
root@120:~# echo 1 > /proc/sys/vm/drop_caches
root@120:~# free -m
             total       used       free     shared    buffers     cached
Mem:         16047        609      15437          0          0        103
-/+ buffers/cache:        505      15541
Swap:            0          0          0

# 再次执行 slabtop 命令，看到 dentry cache 和 inode cache 没变
root@120:~# slabtop

 Active / Total Objects (% used)    : 738595 / 754305 (97.9%)
 Active / Total Slabs (% used)      : 26642 / 26642 (100.0%)
 Active / Total Caches (% used)     : 75 / 136 (55.1%)
 Active / Total Size (% used)       : 291837.69K / 295937.82K (98.6%)
 Minimum / Average / Maximum Object : 0.01K / 0.39K / 8.00K

  OBJS ACTIVE  USE OBJ SIZE  SLABS OBJ/SLAB CACHE SIZE NAME                   
273609 273496  99%    0.19K  13029       21     52116K dentry
153720 153690  99%    1.05K   5124       30    163968K ext4_inode_cache
...

# 通过向 /proc/sys/vm/drop_caches 文件输入 2 来清除 dentry cache 和 inode cache，注意提前 sync
root@120:~# sync
root@120:~# echo 2 > /proc/sys/vm/drop_caches

# 再次执行 slabtop 命令，看到 dentry cache 从 52M 变成 3M，inode cache 从 164M 变成 4M，都被回收了
root@120:~# slabtop

 Active / Total Objects (% used)    : 165139 / 198944 (83.0%)
 Active / Total Slabs (% used)      : 5624 / 5624 (100.0%)
 Active / Total Caches (% used)     : 75 / 136 (55.1%)
 Active / Total Size (% used)       : 32948.48K / 42575.39K (77.4%)
 Minimum / Average / Maximum Object : 0.01K / 0.21K / 8.00K

  OBJS ACTIVE  USE OBJ SIZE  SLABS OBJ/SLAB CACHE SIZE NAME                   
 18837  12983  68%    0.19K    897       21      3588K dentry
 ...
 4020   1049  26%    1.05K    134       30      4288K ext4_inode_cache
 ...

# 通过向 /proc/sys/vm/drop_caches 文件输入 3 来清除 dentry cache 和 inode cache 和 page cache，这里不演示了
```

> 一般情况下，cache/buffer 是不建议手动回收的，因为这样不利于系统的 I/O 性能。当 cache/buffer 的内存消耗已经影响到了业务进程的时候，更彻底的解决方法应该是加大内存容量或者调整进程的部署

#### Slab 消耗

*Slab 消耗引起的内存问题一般是这样的：`free` 命令发现 used 字段的值非常大，cache/buffer 字段的值正常；`top` 命令也没发现特别吃内存的进程，或者通过 `ps aux | awk '{mem += $6} END {print mem/1024/1024}'` 命令统计出来的内存也不大。*

先介绍下 Slab 的作用，Linux 下一个页的大小一般是 4KB，当分配一些小对象时会造成内存浪费，Slab 相当于一个专门用于小对象的内存分配池。Slab 的内存占用情况可以通过 `nmon` 命令查看，演示如下：

```
# Slab 占用了 42M 的内存
Slab   =    42.2 Commit_AS =   643.2 PageTables=     3.5
```

当 Slab 的内存占用很高时，同样可以通过 `/proc/sys/vm/drop_caches` 解决，但是这只是治标不治本的方法，演示如下：

```
root@120:~# sync
root@120:~# echo 2 > /proc/sys/vm/drop_caches
```

要真正治本的话：
1. 首先要确保系统内核是可靠的，这很重要！因为有 bug 的内核会引发 Slab 高内存占用，所以如果发现内核有问题，不要犹豫，立即换一个
2. 如果内核是没问题的，那就要分析 (1)根据 `slabtop` 命令查看那个内核服务有问题；(2)根据 `top` 命令找出前几名的内存占用进程 (重点怀疑对象)；(3)同时重点分析服务器上面运行着的服务有哪些
3. 将 2 中的 (1)、(2)/(3) 联系起来。比如 `slabtop` 发现 dentry 服务占用很高，同时发现有个 php 进程会频繁进行 I/O 操作，这个时候就要重点排查这个 php 进程了。可以参考 [这里](https://serverfault.com/questions/561350/unusually-high-dentry-cache-usage)

---

### 内存相关的内核参数调优

除了在 [高内存占用(2)](https://github.com/hsxhr-10/blog/blob/master/Linux/【性能优化】--%20高内存占用(2).md#配置-oom) 中的 oom 参数，跟内存相关的主要配置参数还有 3 个。

#### /proc/sys/vm/min_free_kbytes

通过 `/pro/meminfo` 可以看到 Slab 相关信息如下：

```
Slab:              64412 kB
SReclaimable:      47520 kB
SUnreclaim:        16892 kB
```

其中 SReclaimable 代表可回收的，SUnreclaim 代表不可回收。只有当内存到达一个临界值的时候才会触发内核 kswapd 进程进行回收，这个临界值可以通过 `/proc/zoneinfo` 中的所有 `low` 字段相加再乘以 4KB 计算得出。并且临界值跟 min_free_kbytes 成正比。

当我的服务器 min_free_kbytes 是 300MB 时，回收临界值是 374MB；当 min_free_kbytes 是 100MB 时，回收临界值是 124MB。因此，如果 min_free_kbytes 的值太低有可能还没来得及被回收，服务器就已经陷入假死状态了。

#### /proc/sys/vm/swappiness

swappiness 表示发生 swap out 到交换空间的积极程度，值越大越容易发生 swap，过大会导致过早/过分 swap，从而严重影响性能。默认值 60，0 代表不会发生 swap。

#### /proc/sys/vm/vfs_cache_pressure

vfs_cache_pressure 表示回收 dentry cache 和 inode cache 的速度和比例，值的大小和回收的速度/比例成正比。默认值 100，0代表不回收 (最终触发 OOM 回收)。

> 个人认为，swappiness 最好调低点 (0 都不错)；min_free_kbytes 适当调高一点，避免内存不足直接 GG；vfs_cache_pressure 最好不调整避免影响文件系统性能。
